// Jest Snapshot v1, https://goo.gl/fbAQLP

exports[`App component tests renders without crashing 1`] = `ShallowWrapper {}`;
